## unsuccessful file operations
# CCE-26712-0
# CCE-26651-0
-a always,exit -F arch=b64 -S creat -S mkdir -S mknod -S link -S symlink -S mkdirat -S mknodat -S linkat -S symlinkat -S openat -S open_by_handle_at -S open -S close -S rename -S renameat -S truncate -S ftruncate -S rmdir -S unlink -S unlinkat -F exit=-EACCES -k access
-a always,exit -F arch=b64 -S creat -S mkdir -S mknod -S link -S symlink -S mkdirat -S mknodat -S linkat -S symlinkat -S openat -S open_by_handle_at -S open -S close -S rename -S renameat -S truncate -S ftruncate -S rmdir -S unlink -S unlinkat -F exit=-EPERM -k access
-a always,exit -F arch=b32 -S creat -S mkdir -S mknod -S link -S symlink -S mkdirat -S mknodat -S linkat -S symlinkat -S openat -S open_by_handle_at -S open -S close -S rename -S renameat -S truncate -S ftruncate -S rmdir -S unlink -S unlinkat -F exit=-EACCES -k access
-a always,exit -F arch=b32 -S creat -S mkdir -S mknod -S link -S symlink -S mkdirat -S mknodat -S linkat -S symlinkat -S openat -S open_by_handle_at -S open -S close -S rename -S renameat -S truncate -S ftruncate -S rmdir -S unlink -S unlinkat -F exit=-EPERM -k access

-a always,exit -F perm=a -F exit=-EACCES -k access
-a always,exit -F perm=a -F exit=-EPERM -k access

# Audit the execution of password commands
# RHEL-07-030630
# RHEL-07-030640
# RHEL-07-030650
# RHEL-07-030660
# RHEL-07-030670
-a always,exit -F path=/usr/bin/passwd -F perm=x -k privileged-passwd
-a always,exit -F path=/usr/sbin/unix_chkpwd -F perm=x -k privileged-passwd
-a always,exit -F path=/usr/bin/gpasswd -F perm=x -k privileged-passwd
-a always,exit -F path=/usr/bin/chage -F perm=x -k privileged-passwd
-a always,exit -F path=/usr/sbin/userhelper -F perm=x -k privileged-passwd

# Audit the execution of privilege-related commands
# RHEL-07-030680
# RHEL-07-030690
# RHEL-07-030710
# RHEL-07-030720
# RHEL-07-030730
-a always,exit -F path=/usr/bin/su -F perm=x -k privileged-priv_change
-a always,exit -F path=/usr/bin/sudo -F perm=x -k privileged-priv_change
-a always,exit -F path=/usr/bin/newgrp -F perm=x -k privileged-priv_change
-a always,exit -F path=/usr/bin/chsh -F perm=x -k privileged-priv_change
-a always,exit -F path=/bin/sudoedit -F perm=x -k privileged-priv_change

# Audit the execution of postfix-related commands
# RHEL-07-030760
# RHEL-07-030770
-a always,exit -F path=/usr/sbin/postdrop -F perm=x -k privileged-postfix
-a always,exit -F path=/usr/sbin/postqueue -F perm=x -k privileged-postfix

# Audit the execution of the ssh-keysign command
# RHEL-07-030780
-a always,exit -F path=/usr/libexec/openssh/ssh-keysign -F perm=x -k privileged-ssh

# Audit the execution of the crontab command
# RHEL-07-030800
-a always,exit -F path=/usr/bin/crontab -F perm=x -k privileged-cron

# Audit the execution of the pam_timestamp_check command
# RHEL-07-030810
-a always,exit -F path=/sbin/pam_timestamp_check -F perm=x -k privileged-pam

# Permissions auditing separated by chown, chmod, and attr
# CCE-26280-8
# CCE-27173-4
# CCE-27174-2
# CCE-27175-9
# CCE-27177-5
# CCE-27178-3
# CCE-27179-1
# CCE-27180-9
# CCE-27181-7
# CCE-27182-5
# CCE-27183-3
# CCE-27184-1
# CCE-27185-8
-a always,exit -F arch=b64 -S chown -S fchown -S fchownat -S lchown -k chown
-a always,exit -F arch=b64 -S setxattr -S lsetxattr -S fsetxattr -S removexattr -S lremovexattr -S fremovexattr -k attr
-a always,exit -F arch=b32 -S chown -S fchown -S fchownat -S lchown -k chown
-a always,exit -F arch=b32 -S setxattr -S lsetxattr -S fsetxattr -S removexattr -S lremovexattr -S fremovexattr -k attr

# Audit useful items that someone does when su'ing to root.
# Had to add an entry at the top for getting rid of anonymous records.  They
# are only moderately useful and contain *way* too much noise since this covers
# things like cron as well.

-a always,exit -F arch=b64 -F auid!=0 -F uid=0 -S capset -S mknod -S pivot_root -S quotactl -S setsid -S settimeofday -S setuid -S swapoff -S swapon -S execv -S rename -S renameat -S rmdir -S unlink -S unlinkat -k su-root-activity
-a always,exit -F arch=b32 -F auid!=0 -F uid=0 -S capset -S mknod -S pivot_root -S quotactl -S setsid -S settimeofday -S setuid -S swapoff -S swapon -S execv -S rename -S renameat -S rmdir -S unlink -S unlinkat -k su-root-activity

# Audit the execution of suid and sgid binaries.
# CCE-26457-2
-a always,exit -F arch=b64 -F euid=0 -F uid!=0 -S execve -k suid-root-exec
-a always,exit -F arch=b32 -F euid=0 -F uid!=0 -S execve -k suid-root-exec

## Audit the loading and unloading of kernel modules.
# CCE-26611-4
-w /usr/sbin/insmod -p x -k modules
-w /usr/sbin/rmmod -p x -k modules
-w /usr/sbin/modprobe -p x -k modules
-w /bin/kmod -p x -k modules
-w /sbin/insmod -p x -k modules
-w /sbin/rmmod -p x -k modules
-w /sbin/modprobe -p x -k modules

# RHEL-07-030819
# RHEL-07-030820
# RHEL-07-030821
# RHEL-07-030830
-a always,exit -F arch=b64 -S create_module -S init_module -S finit_module -S delete_module -k modules
-a always,exit -F arch=b32 -S create_module -S init_module -S finit_module -S delete_module -k modules

## Things that could affect time
# CCE-27172-6
# CCE-27203-9
# CCE-27169-2
# CCE-27170-0
-a always,exit -F arch=b32 -S adjtimex -S stime -S clock_settime -S settimeofday -k audit_time_rules
-a always,exit -F arch=b64 -S adjtimex -S clock_settime -S settimeofday -k audit_time_rules

# CCE-27172-6
-w /etc/localtime -p wa -k audit_time_rules

## Things that could affect system locale
# CCE-26648-6
-a always,exit -F arch=b32 -S sethostname -S setdomainname -k audit_network_modifications
-a always,exit -F arch=b64 -S sethostname -S setdomainname -k audit_network_modifications
-w /etc/issue -p wa -k audit_network_modifications
-w /etc/issue.net -p wa -k audit_network_modifications
-w /etc/hosts -p wa -k audit_network_modifications
-w /etc/sysconfig/network -p wa -k audit_network_modifications

# Mount options.
# CCE-26573-6
-a always,exit -F arch=b32 -S mount -S umount -S umount2 -k mount
-a always,exit -F arch=b64 -S mount -S umount2 -k mount


# CCE-26664-3
-w /etc/group -p wa -k audit_account_changes
-w /etc/group- -p wa -k audit_account_changes
-w /etc/passwd -p wa -k audit_account_changes
-w /etc/passwd- -p wa -k audit_account_changes
-w /etc/gshadow -p wa -k audit_account_changes
-w /etc/shadow -p wa -k audit_account_changes
-w /etc/shadow- -p wa -k audit_account_changes
-w /etc/security/opasswd -p wa -k audit_account_changes

# CCE-26657-7
-w /etc/selinux/ -p wa -k MAC-policy

# CCE-26691-6
-w /var/log/faillog -p wa -k logins
-w /var/log/lastlog -p wa -k logins
-w /var/run/faillock -p wa -k logins

# CCE-26610-6
-w /var/run/utmp -p wa -k session
-w /var/log/btmp -p wa -k session
-w /var/log/wtmp -p wa -k session
-w /var/log/tallylog -p wa -k session

# CCE-26662-7
-w /etc/sudoers -p wa -k CFG_sys
-w /etc/sudoers.d -p wa -k CFG_sys

# Generally good things to audit.
-w /etc/grub.d -p wa -k CFG_grub
-w /etc/default -p wa -k CFG_sys
-w /etc/exports -p wa -k CFG_sys
-w /etc/fstab -p wa -k CFG_sys
-w /etc/host.conf -p wa -k CFG_sys
-w /etc/hosts.allow -p wa -k CFG_sys
-w /etc/hosts.deny -p wa -k CFG_sys
-w /etc/initlog.conf -p wa -k CFG_sys
-w /etc/inittab -p wa -k CFG_sys
-w /etc/issue -p wa -k CFG_sys
-w /etc/issue.net -p wa -k CFG_sys
-w /etc/krb5.conf -p wa -k CFG_sys
-w /etc/ld.so.conf -p wa -k CFG_sys
-w /etc/ld.so.conf.d -p wa -k CFG_sys
-w /etc/login.defs -p wa -k CFG_sys
-w /etc/modprobe.conf.d -p wa -k CFG_sys
-w /etc/modprobe.d/00_simp_blacklist.conf -p wa -k CFG_sys
-w /etc/nsswitch.conf -p wa -k CFG_sys
-w /etc/aliases -p wa -k CFG_sys
-w /etc/at.deny -p wa -k CFG_sys
-w /etc/rc.d/init.d -p wa -k CFG_sys
-w /etc/rc.local -p wa -k CFG_sys
-w /etc/rc.sysinit -p wa -k CFG_sys
-w /etc/resolv.conf -p wa -k CFG_sys
-w /etc/securetty -p wa -k CFG_sys
-w /etc/snmp/snmpd.conf -p wa -k CFG_sys
-w /etc/ssh/sshd_config -p wa -k CFG_sys
-w /etc/sysconfig -p wa -k CFG_sys
-w /etc/sysctl.conf -p wa -k CFG_sys
-w /lib/firmware/microcode.dat -p wa -k CFG_sys
-w /var/spool/at -p wa -k CFG_sys
-w /etc/cron.d -p wa -k CFG_cron
-w /etc/anacrontab -p wa -k CFG_cron
-w /etc/cron.daily -p wa -k CFG_cron
-w /etc/cron.deny -p wa -k CFG_cron
-w /etc/cron.hourly -p wa -k CFG_cron
-w /etc/cron.monthly -p wa -k CFG_cron
-w /etc/cron.weekly -p wa -k CFG_cron
-w /etc/crontab -p wa -k CFG_cron
-w /etc/csh.cshrc -p wa -k CFG_shell
-w /etc/bashrc -p wa -k CFG_shell
-w /etc/csh.login -p wa -k CFG_shell
-w /etc/profile -p wa -k CFG_shell
-w /etc/shells -p wa -k CFG_shell
-w /etc/pam.d -p wa -k true
-w /etc/pam_smb.conf -p wa -k CFG_pam
-w /etc/security -p wa -k CFG_security
-w /etc/services -p wa -k CFG_services
-w /etc/xinetd.conf -p wa -k CFG_xinetd
-w /etc/xinetd.d -p wa -k CFG_xinetd
-w /etc/yum -p wa -k yum-config
-w /etc/yum.conf -p wa -k yum-config
-w /etc/yum.repos.d -p wa -k yum-config
-a always,exit -F arch=b32 -S ptrace -k paranoid
-a always,exit -F arch=b64 -S ptrace -k paranoid
-a always,exit -F arch=b32 -S personality -k paranoid
-a always,exit -F arch=b64 -S personality -k paranoid
