#### auditd::config::audit_profiles::stig Audit Rules ####

## Audit unsuccessful file operations
# RHEL-07-030500
-a always,exit -F arch=b64 -S creat -F exit=-EPERM -F auid>=500 -F auid!=4294967295 -k access
-a always,exit -F arch=b64 -S creat -F exit=-EACCES -F auid>=500 -F auid!=4294967295 -k access
-a always,exit -F arch=b32 -S creat -F exit=-EPERM -F auid>=500 -F auid!=4294967295 -k access
-a always,exit -F arch=b32 -S creat -F exit=-EACCES -F auid>=500 -F auid!=4294967295 -k access

# RHEL-07-030510
-a always,exit -F arch=b64 -S open -F exit=-EPERM -F auid>=500 -F auid!=4294967295 -k access
-a always,exit -F arch=b64 -S open -F exit=-EACCES -F auid>=500 -F auid!=4294967295 -k access
-a always,exit -F arch=b32 -S open -F exit=-EPERM -F auid>=500 -F auid!=4294967295 -k access
-a always,exit -F arch=b32 -S open -F exit=-EACCES -F auid>=500 -F auid!=4294967295 -k access

# RHEL-07-030520
-a always,exit -F arch=b64 -S openat -F exit=-EPERM -F auid>=500 -F auid!=4294967295 -k access
-a always,exit -F arch=b64 -S openat -F exit=-EACCES -F auid>=500 -F auid!=4294967295 -k access
-a always,exit -F arch=b32 -S openat -F exit=-EPERM -F auid>=500 -F auid!=4294967295 -k access
-a always,exit -F arch=b32 -S openat -F exit=-EACCES -F auid>=500 -F auid!=4294967295 -k access

# RHEL-07-030530
-a always,exit -F arch=b64 -S open_by_handle_at -F exit=-EPERM -F auid>=500 -F auid!=4294967295 -k access
-a always,exit -F arch=b64 -S open_by_handle_at -F exit=-EACCES -F auid>=500 -F auid!=4294967295 -k access
-a always,exit -F arch=b32 -S open_by_handle_at -F exit=-EPERM -F auid>=500 -F auid!=4294967295 -k access
-a always,exit -F arch=b32 -S open_by_handle_at -F exit=-EACCES -F auid>=500 -F auid!=4294967295 -k access

# RHEL-07-030540
-a always,exit -F arch=b64 -S truncate -F exit=-EPERM -F auid>=500 -F auid!=4294967295 -k access
-a always,exit -F arch=b64 -S truncate -F exit=-EACCES -F auid>=500 -F auid!=4294967295 -k access
-a always,exit -F arch=b32 -S truncate -F exit=-EPERM -F auid>=500 -F auid!=4294967295 -k access
-a always,exit -F arch=b32 -S truncate -F exit=-EACCES -F auid>=500 -F auid!=4294967295 -k access

# RHEL-07-030550
-a always,exit -F arch=b64 -S ftruncate -F exit=-EPERM -F auid>=500 -F auid!=4294967295 -k access
-a always,exit -F arch=b64 -S ftruncate -F exit=-EACCES -F auid>=500 -F auid!=4294967295 -k access
-a always,exit -F arch=b32 -S ftruncate -F exit=-EPERM -F auid>=500 -F auid!=4294967295 -k access
-a always,exit -F arch=b32 -S ftruncate -F exit=-EACCES -F auid>=500 -F auid!=4294967295 -k access

## Audit the execution of password commands
# RHEL-07-030630
-a always,exit -F path=/usr/bin/passwd -F perm=x -F auid>=500 -F auid!=4294967295 -k privileged-passwd

# RHEL-07-030640
-a always,exit -F path=/sbin/unix_chkpwd -F perm=x -F auid>=500 -F auid!=4294967295 -k privileged-passwd

# RHEL-07-030650
-a always,exit -F path=/usr/bin/gpasswd -F perm=x -F auid>=500 -F auid!=4294967295 -k privileged-passwd

# RHEL-07-030660
-a always,exit -F path=/usr/bin/chage -F perm=x -F auid>=500 -F auid!=4294967295 -k privileged-passwd

# RHEL-07-030670
-a always,exit -F path=/usr/sbin/userhelper -F perm=x -F auid>=500 -F auid!=4294967295 -k privileged-passwd

## Audit the execution of privilege-related commands
# RHEL-07-030680
-a always,exit -F path=/bin/su -F perm=x -F auid>=500 -F auid!=4294967295 -k privileged-priv_change

# RHEL-07-030690
-a always,exit -F path=/usr/bin/sudo -F perm=x -F auid>=500 -F auid!=4294967295 -k privileged-priv_change

# RHEL-07-030710
-a always,exit -F path=/usr/bin/newgrp -F perm=x -F auid>=500 -F auid!=4294967295 -k privileged-priv_change

# RHEL-07-030720
-a always,exit -F path=/usr/bin/chsh -F perm=x -F auid>=500 -F auid!=4294967295 -k privileged-priv_change

# RHEL-07-030730
-a always,exit -F path=/usr/bin/sudoedit -F perm=x -F auid>=500 -F auid!=4294967295 -k privileged-priv_change

## Audit the execution of postfix-related commands
# RHEL-07-030760
-a always,exit -F path=/usr/sbin/postdrop -F perm=x -F auid>=500 -F auid!=4294967295 -k privileged-postfix

# RHEL-07-030770
-a always,exit -F path=/usr/sbin/postqueue -F perm=x -F auid>=500 -F auid!=4294967295 -k privileged-postfix

## Audit the execution of the ssh-keysign command
# RHEL-07-030780
-a always,exit -F path=/usr/libexec/openssh/ssh-keysign -F perm=x -F auid>=500 -F auid!=4294967295 -k privileged-ssh

## Audit the execution of the crontab command
# RHEL-07-030800
-a always,exit -F path=/usr/bin/crontab -F perm=x -F auid>=500 -F auid!=4294967295 -k privileged-cron

## Audit the execution of the pam_timestamp_check command
# RHEL-07-030810
-a always,exit -F path=/sbin/pam_timestamp_check -F perm=x -F auid>=500 -F auid!=4294967295 -k privileged-pam

## Audit selinux commands
# RHEL-07-030560
-a always,exit -F path=/usr/sbin/semanage -F perm=x -F auid>=500 -F auid!=4294967295 -k privileged-priv_change

# RHEL-07-030570
-a always,exit -F path=/usr/sbin/setsebool -F perm=x -F auid>=500 -F auid!=4294967295 -k privileged-priv_change

# RHEL-07-030580
-a always,exit -F path=/usr/bin/chcon -F perm=x -F auid>=500 -F auid!=4294967295 -k privileged-priv_change

# RHEL-07-030590
-a always,exit -F path=/sbin/setfiles -F perm=x -F auid>=500 -F auid!=4294967295 -k privileged-priv_change

## Permissions auditing separated by chown, chmod, and attr
# RHEL-07-030370
-a always,exit -F arch=b64 -S chown -F auid>=500 -F auid!=4294967295 -k perm_mod
-a always,exit -F arch=b32 -S chown -F auid>=500 -F auid!=4294967295 -k perm_mod

# RHEL-07-030380
-a always,exit -F arch=b64 -S fchown -F auid>=500 -F auid!=4294967295 -k perm_mod
-a always,exit -F arch=b32 -S fchown -F auid>=500 -F auid!=4294967295 -k perm_mod

# RHEL-07-030390
-a always,exit -F arch=b64 -S lchown -F auid>=500 -F auid!=4294967295 -k perm_mod
-a always,exit -F arch=b32 -S lchown -F auid>=500 -F auid!=4294967295 -k perm_mod

# RHEL-07-030400
-a always,exit -F arch=b64 -S fchownat -F auid>=500 -F auid!=4294967295 -k perm_mod
-a always,exit -F arch=b32 -S fchownat -F auid>=500 -F auid!=4294967295 -k perm_mod

# RHEL-07-030410
-a always,exit -F arch=b64 -S chmod -F auid>=500 -F auid!=4294967295 -k perm_mod
-a always,exit -F arch=b32 -S chmod -F auid>=500 -F auid!=4294967295 -k perm_mod

# RHEL-07-030420
-a always,exit -F arch=b64 -S fchmod -F auid>=500 -F auid!=4294967295 -k perm_mod
-a always,exit -F arch=b32 -S fchmod -F auid>=500 -F auid!=4294967295 -k perm_mod

# RHEL-07-030430
-a always,exit -F arch=b64 -S fchmodat -F auid>=500 -F auid!=4294967295 -k perm_mod
-a always,exit -F arch=b32 -S fchmodat -F auid>=500 -F auid!=4294967295 -k perm_mod

# RHEL-07-030440
-a always,exit -F arch=b64 -S setxattr -F auid>=500 -F auid!=4294967295 -k perm_mod
-a always,exit -F arch=b32 -S setxattr -F auid>=500 -F auid!=4294967295 -k perm_mod

# RHEL-07-030450
-a always,exit -F arch=b64 -S fsetxattr -F auid>=500 -F auid!=4294967295 -k perm_mod
-a always,exit -F arch=b32 -S fsetxattr -F auid>=500 -F auid!=4294967295 -k perm_mod

# RHEL-07-030460
-a always,exit -F arch=b64 -S lsetxattr -F auid>=500 -F auid!=4294967295 -k perm_mod
-a always,exit -F arch=b32 -S lsetxattr -F auid>=500 -F auid!=4294967295 -k perm_mod

# RHEL-07-030470
-a always,exit -F arch=b64 -S removexattr -F auid>=500 -F auid!=4294967295 -k perm_mod
-a always,exit -F arch=b32 -S removexattr -F auid>=500 -F auid!=4294967295 -k perm_mod

# RHEL-07-030480
-a always,exit -F arch=b64 -S fremovexattr -F auid>=500 -F auid!=4294967295 -k perm_mod
-a always,exit -F arch=b32 -S fremovexattr -F auid>=500 -F auid!=4294967295 -k perm_mod

# RHEL-07-030490
-a always,exit -F arch=b64 -S lremovexattr -F auid>=500 -F auid!=4294967295 -k perm_mod
-a always,exit -F arch=b32 -S lremovexattr -F auid>=500 -F auid!=4294967295 -k perm_mod

## Audit rename/removal operations
# RHEL-07-030880
-a always,exit -F arch=b64 -S rename -F perm=x -F auid>=500 -F auid!=4294967295 -k delete
-a always,exit -F arch=b32 -S rename -F perm=x -F auid>=500 -F auid!=4294967295 -k delete

# RHEL-07-030890
-a always,exit -F arch=b64 -S renameat -F perm=x -F auid>=500 -F auid!=4294967295 -k delete
-a always,exit -F arch=b32 -S renameat -F perm=x -F auid>=500 -F auid!=4294967295 -k delete

# RHEL-07-030900
-a always,exit -F arch=b64 -S rmdir -F perm=x -F auid>=500 -F auid!=4294967295 -k delete
-a always,exit -F arch=b32 -S rmdir -F perm=x -F auid>=500 -F auid!=4294967295 -k delete

# RHEL-07-030910
-a always,exit -F arch=b64 -S unlink -F perm=x -F auid>=500 -F auid!=4294967295 -k delete
-a always,exit -F arch=b32 -S unlink -F perm=x -F auid>=500 -F auid!=4294967295 -k delete

# RHEL-07-030920
-a always,exit -F arch=b64 -S unlinkat -F perm=x -F auid>=500 -F auid!=4294967295 -k delete
-a always,exit -F arch=b32 -S unlinkat -F perm=x -F auid>=500 -F auid!=4294967295 -k delete

## Audit the execution of suid and sgid binaries.
# RHEL-07-030360
-a always,exit -F path=/bin/cgclassify -F perm=x -F auid>=500 -F auid!=4294967295 -k setuid/setgid
-a always,exit -F path=/bin/cgexec -F perm=x -F auid>=500 -F auid!=4294967295 -k setuid/setgid
-a always,exit -F path=/bin/ping -F perm=x -F auid>=500 -F auid!=4294967295 -k setuid/setgid
-a always,exit -F path=/bin/ping6 -F perm=x -F auid>=500 -F auid!=4294967295 -k setuid/setgid
-a always,exit -F path=/sbin/mount.nfs -F perm=x -F auid>=500 -F auid!=4294967295 -k setuid/setgid
-a always,exit -F path=/sbin/netreport -F perm=x -F auid>=500 -F auid!=4294967295 -k setuid/setgid
-a always,exit -F path=/usr/bin/at -F perm=x -F auid>=500 -F auid!=4294967295 -k setuid/setgid
-a always,exit -F path=/usr/bin/chfn -F perm=x -F auid>=500 -F auid!=4294967295 -k setuid/setgid
-a always,exit -F path=/usr/bin/fusermount -F perm=x -F auid>=500 -F auid!=4294967295 -k setuid/setgid
-a always,exit -F path=/usr/bin/incrontab -F perm=x -F auid>=500 -F auid!=4294967295 -k setuid/setgid
-a always,exit -F path=/usr/bin/ksu -F perm=x -F auid>=500 -F auid!=4294967295 -k setuid/setgid
-a always,exit -F path=/usr/bin/locate -F perm=x -F auid>=500 -F auid!=4294967295 -k setuid/setgid
-a always,exit -F path=/usr/bin/pkexec -F perm=x -F auid>=500 -F auid!=4294967295 -k setuid/setgid
-a always,exit -F path=/usr/bin/ssh-agent -F perm=x -F auid>=500 -F auid!=4294967295 -k setuid/setgid
-a always,exit -F path=/usr/bin/wall -F perm=x -F auid>=500 -F auid!=4294967295 -k setuid/setgid
-a always,exit -F path=/usr/bin/write -F perm=x -F auid>=500 -F auid!=4294967295 -k setuid/setgid
-a always,exit -F path=/usr/bin/Xorg -F perm=x -F auid>=500 -F auid!=4294967295 -k setuid/setgid
-a always,exit -F path=/usr/libexec/polkit-1/polkit-agent-helper-1 -F perm=x -F auid>=500 -F auid!=4294967295 -k setuid/setgid
-a always,exit -F path=/usr/libexec/pt_chown -F perm=x -F auid>=500 -F auid!=4294967295 -k setuid/setgid
-a always,exit -F path=/usr/libexec/utempter/utempter -F perm=x -F auid>=500 -F auid!=4294967295 -k setuid/setgid
-a always,exit -F path=/usr/sbin/suexec -F perm=x -F auid>=500 -F auid!=4294967295 -k setuid/setgid
-a always,exit -F path=/usr/sbin/usernetctl -F perm=x -F auid>=500 -F auid!=4294967295 -k setuid/setgid

## Audit the loading and unloading of kernel modules.
# RHEL-07-030840
-w /sbin/insmod -p x -F auid!=4294967295 -k module-change

# RHEL-07-030850
-w /sbin/rmmod -p x -F auid!=4294967295 -k module-change

# RHEL-07-030860
-w /sbin/modprobe -p x -F auid!=4294967295 -k module-change

# RHEL-07-030819
-a always,exit -F arch=b64 -S create_module -k module-change
-a always,exit -F arch=b32 -S create_module -k module-change

# RHEL-07-030820
-a always,exit -F arch=b64 -S init_module -k module-change
-a always,exit -F arch=b32 -S init_module -k module-change

# RHEL-07-030821
-a always,exit -F arch=b64 -S finit_module -k module-change
-a always,exit -F arch=b32 -S finit_module -k module-change

# RHEL-07-030830
-a always,exit -F arch=b64 -S delete_module -k module-change
-a always,exit -F arch=b32 -S delete_module -k module-change

## Audit mount operations
# RHEL-07-030740
-a always,exit -F arch=b64 -S mount -F auid>=500 -F auid!=4294967295 -k privileged-mount
-a always,exit -F arch=b64 -F path=/bin/mount -F auid>=500 -F auid!=4294967295 -k privileged-mount
-a always,exit -F arch=b32 -S mount -F auid>=500 -F auid!=4294967295 -k privileged-mount
-a always,exit -F arch=b32 -F path=/bin/mount -F auid>=500 -F auid!=4294967295 -k privileged-mount

# RHEL-07-030750
-a always,exit -F path=/bin/umount -F perm=x -F auid>=500 -F auid!=4294967295 -k privileged-mount

## Audit local accounts
# RHEL-07-030870
-w /etc/passwd -p wa -k identity

# RHEL-07-030871
-w /etc/group -p wa -k identity

# RHEL-07-030872
-w /etc/gshadow -p wa -k identity

# RHEL-07-030873
-w /etc/shadow -p wa -k identity

# RHEL-07-030874
-w /etc/security/opasswd -p wa -k identity

## Audit login files
# RHEL-07-030600
-w /var/log/tallylog -p wa -k logins

# RHEL-07-030610
-w /var/run/faillock -p wa -k logins

# RHEL-07-030620
-w /var/log/lastlog -p wa -k logins

## Audit sudoers configuration files
# RHEL-07-030700
-w /etc/sudoers -p wa -k privileged-actions
-w /etc/sudoers.d/ -p wa -k privileged-actions
